[dotenv@17.2.3] injecting env (9) from .env -- tip: ΓÜÖ∩╕Å  write to custom object with { processEnv: myObject }
-----------------------------------------
≡ƒöì DIAGNOSTIC FOR GEMINI API
-----------------------------------------
Γ£à API Key detected: AIzaSyATOA...

ΓÅ│ Testing connection to model: 'gemini-1.5-flash'...
-----------------------------------------
Γ¥î FAILURE: Could not connect.
-----------------------------------------
≡ƒÆí TIP: 404 usually means the Model Name is wrong or not available for your key.
